[2026-07-07 20:34:59] QA + Judge started: total=30 retrieval_root=/home/bowenzheng/projects/DimMemTest-test/DimMem/results/retrieval/run_baseline_fused query_root=/home/bowenzheng/projects/DimMemTest-test/DimMem/results/query_analysis/run_baseline qa_root=/home/bowenzheng/projects/DimMemTest-test/DimMem/results/qa/run_baseline_fused judge_root=/home/bowenzheng/projects/DimMemTest-test/DimMem/results/judge/run_baseline_fused
[2026-07-07 20:34:59] [case 1/30] question_id=knowledge-update/0006_031748ae_abs | method=tri_fused_route20_final15 | start
[2026-07-07 20:34:59] [case 1/30] question_id=knowledge-update/0006_031748ae_abs | method=tri_fused_route20_final15 | loaded input | retrieved_records=15 filtered_records=15
[2026-07-07 20:34:59] [case 1/30] question_id=knowledge-update/0006_031748ae_abs | method=tri_fused_route20_final15 | QA start
[2026-07-07 20:34:59] [case 1/30] question_id=knowledge-update/0006_031748ae_abs | method=tri_fused_route20_final15 | QA attempt 1/3
[2026-07-07 20:35:07] [case 1/30] question_id=knowledge-update/0006_031748ae_abs | method=tri_fused_route20_final15 | QA done | answer_chars=13
[2026-07-07 20:35:07] [case 1/30] question_id=knowledge-update/0006_031748ae_abs | method=tri_fused_route20_final15 | Judge start
[2026-07-07 20:35:07] [case 1/30] question_id=knowledge-update/0006_031748ae_abs | method=tri_fused_route20_final15 | Judge attempt 1/3
[2026-07-07 20:35:09] [case 1/30] question_id=knowledge-update/0006_031748ae_abs | method=tri_fused_route20_final15 | done | label=CORRECT elapsed=9.90s | done=1 failed=0 skipped=0 correct=1 wrong=0 empty_label=0
[2026-07-07 20:35:09] [case 2/30] question_id=knowledge-update/0011_852ce960 | method=tri_fused_route20_final15 | start
[2026-07-07 20:35:09] [case 2/30] question_id=knowledge-update/0011_852ce960 | method=tri_fused_route20_final15 | loaded input | retrieved_records=15 filtered_records=15
[2026-07-07 20:35:09] [case 2/30] question_id=knowledge-update/0011_852ce960 | method=tri_fused_route20_final15 | QA start
[2026-07-07 20:35:09] [case 2/30] question_id=knowledge-update/0011_852ce960 | method=tri_fused_route20_final15 | QA attempt 1/3
[2026-07-07 20:35:14] [case 2/30] question_id=knowledge-update/0011_852ce960 | method=tri_fused_route20_final15 | QA done | answer_chars=8
[2026-07-07 20:35:14] [case 2/30] question_id=knowledge-update/0011_852ce960 | method=tri_fused_route20_final15 | Judge start
[2026-07-07 20:35:14] [case 2/30] question_id=knowledge-update/0011_852ce960 | method=tri_fused_route20_final15 | Judge attempt 1/3
[2026-07-07 20:35:17] [case 2/30] question_id=knowledge-update/0011_852ce960 | method=tri_fused_route20_final15 | done | label=CORRECT elapsed=7.36s | done=2 failed=0 skipped=0 correct=2 wrong=0 empty_label=0
[2026-07-07 20:35:17] [case 3/30] question_id=knowledge-update/0012_07741c45 | method=tri_fused_route20_final15 | start
[2026-07-07 20:35:17] [case 3/30] question_id=knowledge-update/0012_07741c45 | method=tri_fused_route20_final15 | loaded input | retrieved_records=15 filtered_records=15
[2026-07-07 20:35:17] [case 3/30] question_id=knowledge-update/0012_07741c45 | method=tri_fused_route20_final15 | QA start
[2026-07-07 20:35:17] [case 3/30] question_id=knowledge-update/0012_07741c45 | method=tri_fused_route20_final15 | QA attempt 1/3
[2026-07-07 20:35:24] [case 3/30] question_id=knowledge-update/0012_07741c45 | method=tri_fused_route20_final15 | QA done | answer_chars=13
[2026-07-07 20:35:24] [case 3/30] question_id=knowledge-update/0012_07741c45 | method=tri_fused_route20_final15 | Judge start
[2026-07-07 20:35:24] [case 3/30] question_id=knowledge-update/0012_07741c45 | method=tri_fused_route20_final15 | Judge attempt 1/3
[2026-07-07 20:35:27] [case 3/30] question_id=knowledge-update/0012_07741c45 | method=tri_fused_route20_final15 | done | label=WRONG elapsed=10.70s | done=3 failed=0 skipped=0 correct=2 wrong=1 empty_label=0
[2026-07-07 20:35:27] [case 4/30] question_id=knowledge-update/0015_0977f2af | method=tri_fused_route20_final15 | start
[2026-07-07 20:35:27] [case 4/30] question_id=knowledge-update/0015_0977f2af | method=tri_fused_route20_final15 | loaded input | retrieved_records=15 filtered_records=15
[2026-07-07 20:35:27] [case 4/30] question_id=knowledge-update/0015_0977f2af | method=tri_fused_route20_final15 | QA start
[2026-07-07 20:35:27] [case 4/30] question_id=knowledge-update/0015_0977f2af | method=tri_fused_route20_final15 | QA attempt 1/3
[2026-07-07 20:35:35] [case 4/30] question_id=knowledge-update/0015_0977f2af | method=tri_fused_route20_final15 | QA done | answer_chars=12
[2026-07-07 20:35:35] [case 4/30] question_id=knowledge-update/0015_0977f2af | method=tri_fused_route20_final15 | Judge start
[2026-07-07 20:35:35] [case 4/30] question_id=knowledge-update/0015_0977f2af | method=tri_fused_route20_final15 | Judge attempt 1/3
[2026-07-07 20:35:36] [case 4/30] question_id=knowledge-update/0015_0977f2af | method=tri_fused_route20_final15 | done | label=WRONG elapsed=9.06s | done=4 failed=0 skipped=0 correct=2 wrong=2 empty_label=0
[2026-07-07 20:35:36] [case 5/30] question_id=knowledge-update/0019_618f13b2 | method=tri_fused_route20_final15 | start
[2026-07-07 20:35:36] [case 5/30] question_id=knowledge-update/0019_618f13b2 | method=tri_fused_route20_final15 | loaded input | retrieved_records=15 filtered_records=15
[2026-07-07 20:35:36] [case 5/30] question_id=knowledge-update/0019_618f13b2 | method=tri_fused_route20_final15 | QA start
[2026-07-07 20:35:36] [case 5/30] question_id=knowledge-update/0019_618f13b2 | method=tri_fused_route20_final15 | QA attempt 1/3
[2026-07-07 20:36:09] [case 5/30] question_id=knowledge-update/0019_618f13b2 | method=tri_fused_route20_final15 | QA attempt 1/3 failed: ConnectionError: ('Connection aborted.', RemoteDisconnected('Remote end closed connection without response'))
[2026-07-07 20:36:11] [case 5/30] question_id=knowledge-update/0019_618f13b2 | method=tri_fused_route20_final15 | QA attempt 2/3
[2026-07-07 20:36:15] [case 5/30] question_id=knowledge-update/0019_618f13b2 | method=tri_fused_route20_final15 | QA done | answer_chars=7
[2026-07-07 20:36:15] [case 5/30] question_id=knowledge-update/0019_618f13b2 | method=tri_fused_route20_final15 | Judge start
[2026-07-07 20:36:15] [case 5/30] question_id=knowledge-update/0019_618f13b2 | method=tri_fused_route20_final15 | Judge attempt 1/3
[2026-07-07 20:36:21] [case 5/30] question_id=knowledge-update/0019_618f13b2 | method=tri_fused_route20_final15 | done | label=CORRECT elapsed=44.81s | done=5 failed=0 skipped=0 correct=3 wrong=2 empty_label=0
[2026-07-07 20:36:21] [case 6/30] question_id=multi-session/0000_88432d0a_abs | method=tri_fused_route20_final15 | start
[2026-07-07 20:36:21] [case 6/30] question_id=multi-session/0000_88432d0a_abs | method=tri_fused_route20_final15 | loaded input | retrieved_records=15 filtered_records=15
[2026-07-07 20:36:21] [case 6/30] question_id=multi-session/0000_88432d0a_abs | method=tri_fused_route20_final15 | QA start
[2026-07-07 20:36:21] [case 6/30] question_id=multi-session/0000_88432d0a_abs | method=tri_fused_route20_final15 | QA attempt 1/3
[2026-07-07 20:36:26] [case 6/30] question_id=multi-session/0000_88432d0a_abs | method=tri_fused_route20_final15 | QA done | answer_chars=13
[2026-07-07 20:36:26] [case 6/30] question_id=multi-session/0000_88432d0a_abs | method=tri_fused_route20_final15 | Judge start
[2026-07-07 20:36:26] [case 6/30] question_id=multi-session/0000_88432d0a_abs | method=tri_fused_route20_final15 | Judge attempt 1/3
[2026-07-07 20:36:28] [case 6/30] question_id=multi-session/0000_88432d0a_abs | method=tri_fused_route20_final15 | done | label=CORRECT elapsed=6.63s | done=6 failed=0 skipped=0 correct=4 wrong=2 empty_label=0
[2026-07-07 20:36:28] [case 7/30] question_id=multi-session/0001_51c32626 | method=tri_fused_route20_final15 | start
[2026-07-07 20:36:28] [case 7/30] question_id=multi-session/0001_51c32626 | method=tri_fused_route20_final15 | loaded input | retrieved_records=15 filtered_records=15
[2026-07-07 20:36:28] [case 7/30] question_id=multi-session/0001_51c32626 | method=tri_fused_route20_final15 | QA start
[2026-07-07 20:36:28] [case 7/30] question_id=multi-session/0001_51c32626 | method=tri_fused_route20_final15 | QA attempt 1/3
[2026-07-07 20:36:31] [case 7/30] question_id=multi-session/0001_51c32626 | method=tri_fused_route20_final15 | QA done | answer_chars=13
[2026-07-07 20:36:31] [case 7/30] question_id=multi-session/0001_51c32626 | method=tri_fused_route20_final15 | Judge start
[2026-07-07 20:36:31] [case 7/30] question_id=multi-session/0001_51c32626 | method=tri_fused_route20_final15 | Judge attempt 1/3
[2026-07-07 20:36:34] [case 7/30] question_id=multi-session/0001_51c32626 | method=tri_fused_route20_final15 | done | label=CORRECT elapsed=6.24s | done=7 failed=0 skipped=0 correct=5 wrong=2 empty_label=0
[2026-07-07 20:36:34] [case 8/30] question_id=multi-session/0003_73d42213 | method=tri_fused_route20_final15 | start
[2026-07-07 20:36:34] [case 8/30] question_id=multi-session/0003_73d42213 | method=tri_fused_route20_final15 | loaded input | retrieved_records=15 filtered_records=15
[2026-07-07 20:36:34] [case 8/30] question_id=multi-session/0003_73d42213 | method=tri_fused_route20_final15 | QA start
[2026-07-07 20:36:34] [case 8/30] question_id=multi-session/0003_73d42213 | method=tri_fused_route20_final15 | QA attempt 1/3
[2026-07-07 20:36:39] [case 8/30] question_id=multi-session/0003_73d42213 | method=tri_fused_route20_final15 | QA done | answer_chars=12
[2026-07-07 20:36:39] [case 8/30] question_id=multi-session/0003_73d42213 | method=tri_fused_route20_final15 | Judge start
[2026-07-07 20:36:39] [case 8/30] question_id=multi-session/0003_73d42213 | method=tri_fused_route20_final15 | Judge attempt 1/3
[2026-07-07 20:36:42] [case 8/30] question_id=multi-session/0003_73d42213 | method=tri_fused_route20_final15 | done | label=WRONG elapsed=7.39s | done=8 failed=0 skipped=0 correct=5 wrong=3 empty_label=0
[2026-07-07 20:36:42] [case 9/30] question_id=multi-session/0010_bc149d6b | method=tri_fused_route20_final15 | start
[2026-07-07 20:36:42] [case 9/30] question_id=multi-session/0010_bc149d6b | method=tri_fused_route20_final15 | loaded input | retrieved_records=15 filtered_records=15
[2026-07-07 20:36:42] [case 9/30] question_id=multi-session/0010_bc149d6b | method=tri_fused_route20_final15 | QA start
[2026-07-07 20:36:42] [case 9/30] question_id=multi-session/0010_bc149d6b | method=tri_fused_route20_final15 | QA attempt 1/3
[2026-07-07 20:36:45] [case 9/30] question_id=multi-session/0010_bc149d6b | method=tri_fused_route20_final15 | QA done | answer_chars=9
[2026-07-07 20:36:45] [case 9/30] question_id=multi-session/0010_bc149d6b | method=tri_fused_route20_final15 | Judge start
[2026-07-07 20:36:45] [case 9/30] question_id=multi-session/0010_bc149d6b | method=tri_fused_route20_final15 | Judge attempt 1/3
[2026-07-07 20:36:52] [case 9/30] question_id=multi-session/0010_bc149d6b | method=tri_fused_route20_final15 | done | label=CORRECT elapsed=10.27s | done=9 failed=0 skipped=0 correct=6 wrong=3 empty_label=0
[2026-07-07 20:36:52] [case 10/30] question_id=multi-session/0013_a9f6b44c | method=tri_fused_route20_final15 | start
[2026-07-07 20:36:52] [case 10/30] question_id=multi-session/0013_a9f6b44c | method=tri_fused_route20_final15 | loaded input | retrieved_records=15 filtered_records=15
[2026-07-07 20:36:52] [case 10/30] question_id=multi-session/0013_a9f6b44c | method=tri_fused_route20_final15 | QA start
[2026-07-07 20:36:52] [case 10/30] question_id=multi-session/0013_a9f6b44c | method=tri_fused_route20_final15 | QA attempt 1/3
[2026-07-07 20:37:00] [case 10/30] question_id=multi-session/0013_a9f6b44c | method=tri_fused_route20_final15 | QA done | answer_chars=1
[2026-07-07 20:37:00] [case 10/30] question_id=multi-session/0013_a9f6b44c | method=tri_fused_route20_final15 | Judge start
[2026-07-07 20:37:00] [case 10/30] question_id=multi-session/0013_a9f6b44c | method=tri_fused_route20_final15 | Judge attempt 1/3
[2026-07-07 20:37:05] [case 10/30] question_id=multi-session/0013_a9f6b44c | method=tri_fused_route20_final15 | done | label=WRONG elapsed=12.70s | done=10 failed=0 skipped=0 correct=6 wrong=4 empty_label=0
[2026-07-07 20:37:05] [case 11/30] question_id=multi-session/0018_3fdac837 | method=tri_fused_route20_final15 | start
[2026-07-07 20:37:05] [case 11/30] question_id=multi-session/0018_3fdac837 | method=tri_fused_route20_final15 | loaded input | retrieved_records=15 filtered_records=15
[2026-07-07 20:37:05] [case 11/30] question_id=multi-session/0018_3fdac837 | method=tri_fused_route20_final15 | QA start
[2026-07-07 20:37:05] [case 11/30] question_id=multi-session/0018_3fdac837 | method=tri_fused_route20_final15 | QA attempt 1/3
[2026-07-07 20:37:20] [case 11/30] question_id=multi-session/0018_3fdac837 | method=tri_fused_route20_final15 | QA done | answer_chars=7
[2026-07-07 20:37:20] [case 11/30] question_id=multi-session/0018_3fdac837 | method=tri_fused_route20_final15 | Judge start
[2026-07-07 20:37:20] [case 11/30] question_id=multi-session/0018_3fdac837 | method=tri_fused_route20_final15 | Judge attempt 1/3
[2026-07-07 20:37:27] [case 11/30] question_id=multi-session/0018_3fdac837 | method=tri_fused_route20_final15 | done | label=CORRECT elapsed=22.32s | done=11 failed=0 skipped=0 correct=7 wrong=4 empty_label=0
[2026-07-07 20:37:27] [case 12/30] question_id=multi-session/0021_6d550036 | method=tri_fused_route20_final15 | start
[2026-07-07 20:37:27] [case 12/30] question_id=multi-session/0021_6d550036 | method=tri_fused_route20_final15 | loaded input | retrieved_records=15 filtered_records=15
[2026-07-07 20:37:27] [case 12/30] question_id=multi-session/0021_6d550036 | method=tri_fused_route20_final15 | QA start
[2026-07-07 20:37:27] [case 12/30] question_id=multi-session/0021_6d550036 | method=tri_fused_route20_final15 | QA attempt 1/3
[2026-07-07 20:37:38] [case 12/30] question_id=multi-session/0021_6d550036 | method=tri_fused_route20_final15 | QA done | answer_chars=1
[2026-07-07 20:37:38] [case 12/30] question_id=multi-session/0021_6d550036 | method=tri_fused_route20_final15 | Judge start
[2026-07-07 20:37:38] [case 12/30] question_id=multi-session/0021_6d550036 | method=tri_fused_route20_final15 | Judge attempt 1/3
[2026-07-07 20:37:41] [case 12/30] question_id=multi-session/0021_6d550036 | method=tri_fused_route20_final15 | done | label=CORRECT elapsed=14.20s | done=12 failed=0 skipped=0 correct=8 wrong=4 empty_label=0
[2026-07-07 20:37:41] [case 13/30] question_id=multi-session/0026_a3332713 | method=tri_fused_route20_final15 | start
[2026-07-07 20:37:41] [case 13/30] question_id=multi-session/0026_a3332713 | method=tri_fused_route20_final15 | loaded input | retrieved_records=15 filtered_records=15
[2026-07-07 20:37:41] [case 13/30] question_id=multi-session/0026_a3332713 | method=tri_fused_route20_final15 | QA start
[2026-07-07 20:37:41] [case 13/30] question_id=multi-session/0026_a3332713 | method=tri_fused_route20_final15 | QA attempt 1/3
[2026-07-07 20:37:46] [case 13/30] question_id=multi-session/0026_a3332713 | method=tri_fused_route20_final15 | QA done | answer_chars=4
[2026-07-07 20:37:46] [case 13/30] question_id=multi-session/0026_a3332713 | method=tri_fused_route20_final15 | Judge start
[2026-07-07 20:37:46] [case 13/30] question_id=multi-session/0026_a3332713 | method=tri_fused_route20_final15 | Judge attempt 1/3
[2026-07-07 20:37:48] [case 13/30] question_id=multi-session/0026_a3332713 | method=tri_fused_route20_final15 | done | label=CORRECT elapsed=7.38s | done=13 failed=0 skipped=0 correct=9 wrong=4 empty_label=0
[2026-07-07 20:37:48] [case 14/30] question_id=single-session-assistant/0008_ceb54acb | method=tri_fused_route20_final15 | start
[2026-07-07 20:37:48] [case 14/30] question_id=single-session-assistant/0008_ceb54acb | method=tri_fused_route20_final15 | loaded input | retrieved_records=15 filtered_records=15
[2026-07-07 20:37:48] [case 14/30] question_id=single-session-assistant/0008_ceb54acb | method=tri_fused_route20_final15 | QA start
[2026-07-07 20:37:48] [case 14/30] question_id=single-session-assistant/0008_ceb54acb | method=tri_fused_route20_final15 | QA attempt 1/3
[2026-07-07 20:38:02] [case 14/30] question_id=single-session-assistant/0008_ceb54acb | method=tri_fused_route20_final15 | QA done | answer_chars=13
[2026-07-07 20:38:02] [case 14/30] question_id=single-session-assistant/0008_ceb54acb | method=tri_fused_route20_final15 | Judge start
[2026-07-07 20:38:02] [case 14/30] question_id=single-session-assistant/0008_ceb54acb | method=tri_fused_route20_final15 | Judge attempt 1/3
[2026-07-07 20:38:07] [case 14/30] question_id=single-session-assistant/0008_ceb54acb | method=tri_fused_route20_final15 | done | label=WRONG elapsed=18.27s | done=14 failed=0 skipped=0 correct=9 wrong=5 empty_label=0
[2026-07-07 20:38:07] [case 15/30] question_id=single-session-assistant/0027_28bcfaac | method=tri_fused_route20_final15 | start
[2026-07-07 20:38:07] [case 15/30] question_id=single-session-assistant/0027_28bcfaac | method=tri_fused_route20_final15 | loaded input | retrieved_records=15 filtered_records=15
[2026-07-07 20:38:07] [case 15/30] question_id=single-session-assistant/0027_28bcfaac | method=tri_fused_route20_final15 | QA start
[2026-07-07 20:38:07] [case 15/30] question_id=single-session-assistant/0027_28bcfaac | method=tri_fused_route20_final15 | QA attempt 1/3
[2026-07-07 20:38:10] [case 15/30] question_id=single-session-assistant/0027_28bcfaac | method=tri_fused_route20_final15 | QA done | answer_chars=15
[2026-07-07 20:38:10] [case 15/30] question_id=single-session-assistant/0027_28bcfaac | method=tri_fused_route20_final15 | Judge start
[2026-07-07 20:38:10] [case 15/30] question_id=single-session-assistant/0027_28bcfaac | method=tri_fused_route20_final15 | Judge attempt 1/3
[2026-07-07 20:38:42] [case 15/30] question_id=single-session-assistant/0027_28bcfaac | method=tri_fused_route20_final15 | Judge attempt 1/3 failed: ConnectionError: ('Connection aborted.', RemoteDisconnected('Remote end closed connection without response'))
[2026-07-07 20:38:44] [case 15/30] question_id=single-session-assistant/0027_28bcfaac | method=tri_fused_route20_final15 | Judge attempt 2/3
[2026-07-07 20:38:46] [case 15/30] question_id=single-session-assistant/0027_28bcfaac | method=tri_fused_route20_final15 | done | label=CORRECT elapsed=39.49s | done=15 failed=0 skipped=0 correct=10 wrong=5 empty_label=0
[2026-07-07 20:38:46] [case 16/30] question_id=single-session-assistant/0028_18dcd5a5 | method=tri_fused_route20_final15 | start
[2026-07-07 20:38:46] [case 16/30] question_id=single-session-assistant/0028_18dcd5a5 | method=tri_fused_route20_final15 | loaded input | retrieved_records=15 filtered_records=15
[2026-07-07 20:38:46] [case 16/30] question_id=single-session-assistant/0028_18dcd5a5 | method=tri_fused_route20_final15 | QA start
[2026-07-07 20:38:46] [case 16/30] question_id=single-session-assistant/0028_18dcd5a5 | method=tri_fused_route20_final15 | QA attempt 1/3
[2026-07-07 20:38:50] [case 16/30] question_id=single-session-assistant/0028_18dcd5a5 | method=tri_fused_route20_final15 | QA done | answer_chars=13
[2026-07-07 20:38:50] [case 16/30] question_id=single-session-assistant/0028_18dcd5a5 | method=tri_fused_route20_final15 | Judge start
[2026-07-07 20:38:50] [case 16/30] question_id=single-session-assistant/0028_18dcd5a5 | method=tri_fused_route20_final15 | Judge attempt 1/3
[2026-07-07 20:38:55] [case 16/30] question_id=single-session-assistant/0028_18dcd5a5 | method=tri_fused_route20_final15 | done | label=CORRECT elapsed=9.03s | done=16 failed=0 skipped=0 correct=11 wrong=5 empty_label=0
[2026-07-07 20:38:55] [case 17/30] question_id=single-session-preference/0002_0edc2aef | method=tri_fused_route20_final15 | start
[2026-07-07 20:38:55] [case 17/30] question_id=single-session-preference/0002_0edc2aef | method=tri_fused_route20_final15 | loaded input | retrieved_records=15 filtered_records=15
[2026-07-07 20:38:55] [case 17/30] question_id=single-session-preference/0002_0edc2aef | method=tri_fused_route20_final15 | QA start
[2026-07-07 20:38:55] [case 17/30] question_id=single-session-preference/0002_0edc2aef | method=tri_fused_route20_final15 | QA attempt 1/3
[2026-07-07 20:39:00] [case 17/30] question_id=single-session-preference/0002_0edc2aef | method=tri_fused_route20_final15 | QA done | answer_chars=13
[2026-07-07 20:39:00] [case 17/30] question_id=single-session-preference/0002_0edc2aef | method=tri_fused_route20_final15 | Judge start
[2026-07-07 20:39:00] [case 17/30] question_id=single-session-preference/0002_0edc2aef | method=tri_fused_route20_final15 | Judge attempt 1/3
[2026-07-07 20:39:07] [case 17/30] question_id=single-session-preference/0002_0edc2aef | method=tri_fused_route20_final15 | done | label=WRONG elapsed=11.73s | done=17 failed=0 skipped=0 correct=11 wrong=6 empty_label=0
[2026-07-07 20:39:07] [case 18/30] question_id=single-session-preference/0029_1da05512 | method=tri_fused_route20_final15 | start
[2026-07-07 20:39:07] [case 18/30] question_id=single-session-preference/0029_1da05512 | method=tri_fused_route20_final15 | loaded input | retrieved_records=15 filtered_records=15
[2026-07-07 20:39:07] [case 18/30] question_id=single-session-preference/0029_1da05512 | method=tri_fused_route20_final15 | QA start
[2026-07-07 20:39:07] [case 18/30] question_id=single-session-preference/0029_1da05512 | method=tri_fused_route20_final15 | QA attempt 1/3
[2026-07-07 20:39:17] [case 18/30] question_id=single-session-preference/0029_1da05512 | method=tri_fused_route20_final15 | QA done | answer_chars=13
[2026-07-07 20:39:17] [case 18/30] question_id=single-session-preference/0029_1da05512 | method=tri_fused_route20_final15 | Judge start
[2026-07-07 20:39:17] [case 18/30] question_id=single-session-preference/0029_1da05512 | method=tri_fused_route20_final15 | Judge attempt 1/3
[2026-07-07 20:39:21] [case 18/30] question_id=single-session-preference/0029_1da05512 | method=tri_fused_route20_final15 | done | label=WRONG elapsed=14.20s | done=18 failed=0 skipped=0 correct=11 wrong=7 empty_label=0
[2026-07-07 20:39:21] [case 19/30] question_id=single-session-user/0005_726462e0 | method=tri_fused_route20_final15 | start
[2026-07-07 20:39:21] [case 19/30] question_id=single-session-user/0005_726462e0 | method=tri_fused_route20_final15 | loaded input | retrieved_records=15 filtered_records=15
[2026-07-07 20:39:21] [case 19/30] question_id=single-session-user/0005_726462e0 | method=tri_fused_route20_final15 | QA start
[2026-07-07 20:39:21] [case 19/30] question_id=single-session-user/0005_726462e0 | method=tri_fused_route20_final15 | QA attempt 1/3
[2026-07-07 20:39:24] [case 19/30] question_id=single-session-user/0005_726462e0 | method=tri_fused_route20_final15 | QA done | answer_chars=13
[2026-07-07 20:39:24] [case 19/30] question_id=single-session-user/0005_726462e0 | method=tri_fused_route20_final15 | Judge start
[2026-07-07 20:39:24] [case 19/30] question_id=single-session-user/0005_726462e0 | method=tri_fused_route20_final15 | Judge attempt 1/3
[2026-07-07 20:39:27] [case 19/30] question_id=single-session-user/0005_726462e0 | method=tri_fused_route20_final15 | done | label=WRONG elapsed=5.84s | done=19 failed=0 skipped=0 correct=11 wrong=8 empty_label=0
[2026-07-07 20:39:27] [case 20/30] question_id=single-session-user/0017_58bf7951 | method=tri_fused_route20_final15 | start
[2026-07-07 20:39:27] [case 20/30] question_id=single-session-user/0017_58bf7951 | method=tri_fused_route20_final15 | loaded input | retrieved_records=15 filtered_records=15
[2026-07-07 20:39:27] [case 20/30] question_id=single-session-user/0017_58bf7951 | method=tri_fused_route20_final15 | QA start
[2026-07-07 20:39:27] [case 20/30] question_id=single-session-user/0017_58bf7951 | method=tri_fused_route20_final15 | QA attempt 1/3
[2026-07-07 20:39:30] [case 20/30] question_id=single-session-user/0017_58bf7951 | method=tri_fused_route20_final15 | QA done | answer_chars=19
[2026-07-07 20:39:30] [case 20/30] question_id=single-session-user/0017_58bf7951 | method=tri_fused_route20_final15 | Judge start
[2026-07-07 20:39:30] [case 20/30] question_id=single-session-user/0017_58bf7951 | method=tri_fused_route20_final15 | Judge attempt 1/3
[2026-07-07 20:39:33] [case 20/30] question_id=single-session-user/0017_58bf7951 | method=tri_fused_route20_final15 | done | label=CORRECT elapsed=6.23s | done=20 failed=0 skipped=0 correct=12 wrong=8 empty_label=0
[2026-07-07 20:39:33] [case 21/30] question_id=single-session-user/0023_60d45044 | method=tri_fused_route20_final15 | start
[2026-07-07 20:39:33] [case 21/30] question_id=single-session-user/0023_60d45044 | method=tri_fused_route20_final15 | loaded input | retrieved_records=15 filtered_records=15
[2026-07-07 20:39:33] [case 21/30] question_id=single-session-user/0023_60d45044 | method=tri_fused_route20_final15 | QA start
[2026-07-07 20:39:33] [case 21/30] question_id=single-session-user/0023_60d45044 | method=tri_fused_route20_final15 | QA attempt 1/3
[2026-07-07 20:39:41] [case 21/30] question_id=single-session-user/0023_60d45044 | method=tri_fused_route20_final15 | QA done | answer_chars=26
[2026-07-07 20:39:41] [case 21/30] question_id=single-session-user/0023_60d45044 | method=tri_fused_route20_final15 | Judge start
[2026-07-07 20:39:41] [case 21/30] question_id=single-session-user/0023_60d45044 | method=tri_fused_route20_final15 | Judge attempt 1/3
[2026-07-07 20:39:43] [case 21/30] question_id=single-session-user/0023_60d45044 | method=tri_fused_route20_final15 | done | label=CORRECT elapsed=9.62s | done=21 failed=0 skipped=0 correct=13 wrong=8 empty_label=0
[2026-07-07 20:39:43] [case 22/30] question_id=single-session-user/0024_d52b4f67 | method=tri_fused_route20_final15 | start
[2026-07-07 20:39:43] [case 22/30] question_id=single-session-user/0024_d52b4f67 | method=tri_fused_route20_final15 | loaded input | retrieved_records=15 filtered_records=15
[2026-07-07 20:39:43] [case 22/30] question_id=single-session-user/0024_d52b4f67 | method=tri_fused_route20_final15 | QA start
[2026-07-07 20:39:43] [case 22/30] question_id=single-session-user/0024_d52b4f67 | method=tri_fused_route20_final15 | QA attempt 1/3
[2026-07-07 20:39:45] [case 22/30] question_id=single-session-user/0024_d52b4f67 | method=tri_fused_route20_final15 | QA done | answer_chars=14
[2026-07-07 20:39:45] [case 22/30] question_id=single-session-user/0024_d52b4f67 | method=tri_fused_route20_final15 | Judge start
[2026-07-07 20:39:45] [case 22/30] question_id=single-session-user/0024_d52b4f67 | method=tri_fused_route20_final15 | Judge attempt 1/3
[2026-07-07 20:39:46] [case 22/30] question_id=single-session-user/0024_d52b4f67 | method=tri_fused_route20_final15 | done | label=CORRECT elapsed=2.98s | done=22 failed=0 skipped=0 correct=14 wrong=8 empty_label=0
[2026-07-07 20:39:46] [case 23/30] question_id=temporal-reasoning/0004_gpt4_1e4a8aeb | method=tri_fused_route20_final15 | start
[2026-07-07 20:39:46] [case 23/30] question_id=temporal-reasoning/0004_gpt4_1e4a8aeb | method=tri_fused_route20_final15 | loaded input | retrieved_records=15 filtered_records=15
[2026-07-07 20:39:46] [case 23/30] question_id=temporal-reasoning/0004_gpt4_1e4a8aeb | method=tri_fused_route20_final15 | QA start
[2026-07-07 20:39:46] [case 23/30] question_id=temporal-reasoning/0004_gpt4_1e4a8aeb | method=tri_fused_route20_final15 | QA attempt 1/3
[2026-07-07 20:39:49] [case 23/30] question_id=temporal-reasoning/0004_gpt4_1e4a8aeb | method=tri_fused_route20_final15 | QA done | answer_chars=6
[2026-07-07 20:39:49] [case 23/30] question_id=temporal-reasoning/0004_gpt4_1e4a8aeb | method=tri_fused_route20_final15 | Judge start
[2026-07-07 20:39:49] [case 23/30] question_id=temporal-reasoning/0004_gpt4_1e4a8aeb | method=tri_fused_route20_final15 | Judge attempt 1/3
[2026-07-07 20:39:50] [case 23/30] question_id=temporal-reasoning/0004_gpt4_1e4a8aeb | method=tri_fused_route20_final15 | done | label=CORRECT elapsed=4.45s | done=23 failed=0 skipped=0 correct=15 wrong=8 empty_label=0
[2026-07-07 20:39:50] [case 24/30] question_id=temporal-reasoning/0007_gpt4_f420262d | method=tri_fused_route20_final15 | start
[2026-07-07 20:39:50] [case 24/30] question_id=temporal-reasoning/0007_gpt4_f420262d | method=tri_fused_route20_final15 | loaded input | retrieved_records=15 filtered_records=15
[2026-07-07 20:39:50] [case 24/30] question_id=temporal-reasoning/0007_gpt4_f420262d | method=tri_fused_route20_final15 | QA start
[2026-07-07 20:39:50] [case 24/30] question_id=temporal-reasoning/0007_gpt4_f420262d | method=tri_fused_route20_final15 | QA attempt 1/3
[2026-07-07 20:39:53] [case 24/30] question_id=temporal-reasoning/0007_gpt4_f420262d | method=tri_fused_route20_final15 | QA done | answer_chars=13
[2026-07-07 20:39:53] [case 24/30] question_id=temporal-reasoning/0007_gpt4_f420262d | method=tri_fused_route20_final15 | Judge start
[2026-07-07 20:39:53] [case 24/30] question_id=temporal-reasoning/0007_gpt4_f420262d | method=tri_fused_route20_final15 | Judge attempt 1/3
[2026-07-07 20:39:55] [case 24/30] question_id=temporal-reasoning/0007_gpt4_f420262d | method=tri_fused_route20_final15 | done | label=WRONG elapsed=4.25s | done=24 failed=0 skipped=0 correct=15 wrong=9 empty_label=0
[2026-07-07 20:39:55] [case 25/30] question_id=temporal-reasoning/0009_gpt4_7abb270c | method=tri_fused_route20_final15 | start
[2026-07-07 20:39:55] [case 25/30] question_id=temporal-reasoning/0009_gpt4_7abb270c | method=tri_fused_route20_final15 | loaded input | retrieved_records=15 filtered_records=15
[2026-07-07 20:39:55] [case 25/30] question_id=temporal-reasoning/0009_gpt4_7abb270c | method=tri_fused_route20_final15 | QA start
[2026-07-07 20:39:55] [case 25/30] question_id=temporal-reasoning/0009_gpt4_7abb270c | method=tri_fused_route20_final15 | QA attempt 1/3
[2026-07-07 20:40:01] [case 25/30] question_id=temporal-reasoning/0009_gpt4_7abb270c | method=tri_fused_route20_final15 | QA done | answer_chars=13
[2026-07-07 20:40:01] [case 25/30] question_id=temporal-reasoning/0009_gpt4_7abb270c | method=tri_fused_route20_final15 | Judge start
[2026-07-07 20:40:01] [case 25/30] question_id=temporal-reasoning/0009_gpt4_7abb270c | method=tri_fused_route20_final15 | Judge attempt 1/3
[2026-07-07 20:40:02] [case 25/30] question_id=temporal-reasoning/0009_gpt4_7abb270c | method=tri_fused_route20_final15 | done | label=WRONG elapsed=7.94s | done=25 failed=0 skipped=0 correct=15 wrong=10 empty_label=0
[2026-07-07 20:40:02] [case 26/30] question_id=temporal-reasoning/0014_982b5123_abs | method=tri_fused_route20_final15 | start
[2026-07-07 20:40:02] [case 26/30] question_id=temporal-reasoning/0014_982b5123_abs | method=tri_fused_route20_final15 | loaded input | retrieved_records=15 filtered_records=15
[2026-07-07 20:40:02] [case 26/30] question_id=temporal-reasoning/0014_982b5123_abs | method=tri_fused_route20_final15 | QA start
[2026-07-07 20:40:02] [case 26/30] question_id=temporal-reasoning/0014_982b5123_abs | method=tri_fused_route20_final15 | QA attempt 1/3
[2026-07-07 20:40:04] [case 26/30] question_id=temporal-reasoning/0014_982b5123_abs | method=tri_fused_route20_final15 | QA done | answer_chars=13
[2026-07-07 20:40:04] [case 26/30] question_id=temporal-reasoning/0014_982b5123_abs | method=tri_fused_route20_final15 | Judge start
[2026-07-07 20:40:04] [case 26/30] question_id=temporal-reasoning/0014_982b5123_abs | method=tri_fused_route20_final15 | Judge attempt 1/3
[2026-07-07 20:40:11] [case 26/30] question_id=temporal-reasoning/0014_982b5123_abs | method=tri_fused_route20_final15 | done | label=CORRECT elapsed=8.53s | done=26 failed=0 skipped=0 correct=16 wrong=10 empty_label=0
[2026-07-07 20:40:11] [case 27/30] question_id=temporal-reasoning/0016_71017277 | method=tri_fused_route20_final15 | start
[2026-07-07 20:40:11] [case 27/30] question_id=temporal-reasoning/0016_71017277 | method=tri_fused_route20_final15 | loaded input | retrieved_records=15 filtered_records=15
[2026-07-07 20:40:11] [case 27/30] question_id=temporal-reasoning/0016_71017277 | method=tri_fused_route20_final15 | QA start
[2026-07-07 20:40:11] [case 27/30] question_id=temporal-reasoning/0016_71017277 | method=tri_fused_route20_final15 | QA attempt 1/3
[2026-07-07 20:40:16] [case 27/30] question_id=temporal-reasoning/0016_71017277 | method=tri_fused_route20_final15 | QA done | answer_chars=13
[2026-07-07 20:40:16] [case 27/30] question_id=temporal-reasoning/0016_71017277 | method=tri_fused_route20_final15 | Judge start
[2026-07-07 20:40:16] [case 27/30] question_id=temporal-reasoning/0016_71017277 | method=tri_fused_route20_final15 | Judge attempt 1/3
[2026-07-07 20:40:19] [case 27/30] question_id=temporal-reasoning/0016_71017277 | method=tri_fused_route20_final15 | done | label=WRONG elapsed=7.74s | done=27 failed=0 skipped=0 correct=16 wrong=11 empty_label=0
[2026-07-07 20:40:19] [case 28/30] question_id=temporal-reasoning/0020_gpt4_b5700ca9 | method=tri_fused_route20_final15 | start
[2026-07-07 20:40:19] [case 28/30] question_id=temporal-reasoning/0020_gpt4_b5700ca9 | method=tri_fused_route20_final15 | loaded input | retrieved_records=15 filtered_records=15
[2026-07-07 20:40:19] [case 28/30] question_id=temporal-reasoning/0020_gpt4_b5700ca9 | method=tri_fused_route20_final15 | QA start
[2026-07-07 20:40:19] [case 28/30] question_id=temporal-reasoning/0020_gpt4_b5700ca9 | method=tri_fused_route20_final15 | QA attempt 1/3
[2026-07-07 20:40:31] [case 28/30] question_id=temporal-reasoning/0020_gpt4_b5700ca9 | method=tri_fused_route20_final15 | QA done | answer_chars=11
[2026-07-07 20:40:31] [case 28/30] question_id=temporal-reasoning/0020_gpt4_b5700ca9 | method=tri_fused_route20_final15 | Judge start
[2026-07-07 20:40:31] [case 28/30] question_id=temporal-reasoning/0020_gpt4_b5700ca9 | method=tri_fused_route20_final15 | Judge attempt 1/3
[2026-07-07 20:40:34] [case 28/30] question_id=temporal-reasoning/0020_gpt4_b5700ca9 | method=tri_fused_route20_final15 | done | label=CORRECT elapsed=15.42s | done=28 failed=0 skipped=0 correct=17 wrong=11 empty_label=0
[2026-07-07 20:40:34] [case 29/30] question_id=temporal-reasoning/0022_gpt4_4929293a | method=tri_fused_route20_final15 | start
[2026-07-07 20:40:34] [case 29/30] question_id=temporal-reasoning/0022_gpt4_4929293a | method=tri_fused_route20_final15 | loaded input | retrieved_records=15 filtered_records=15
[2026-07-07 20:40:34] [case 29/30] question_id=temporal-reasoning/0022_gpt4_4929293a | method=tri_fused_route20_final15 | QA start
[2026-07-07 20:40:34] [case 29/30] question_id=temporal-reasoning/0022_gpt4_4929293a | method=tri_fused_route20_final15 | QA attempt 1/3
[2026-07-07 20:40:52] [case 29/30] question_id=temporal-reasoning/0022_gpt4_4929293a | method=tri_fused_route20_final15 | QA done | answer_chars=42
[2026-07-07 20:40:52] [case 29/30] question_id=temporal-reasoning/0022_gpt4_4929293a | method=tri_fused_route20_final15 | Judge start
[2026-07-07 20:40:52] [case 29/30] question_id=temporal-reasoning/0022_gpt4_4929293a | method=tri_fused_route20_final15 | Judge attempt 1/3
[2026-07-07 20:40:59] [case 29/30] question_id=temporal-reasoning/0022_gpt4_4929293a | method=tri_fused_route20_final15 | done | label=CORRECT elapsed=24.80s | done=29 failed=0 skipped=0 correct=18 wrong=11 empty_label=0
[2026-07-07 20:40:59] [case 30/30] question_id=temporal-reasoning/0025_993da5e2 | method=tri_fused_route20_final15 | start
[2026-07-07 20:40:59] [case 30/30] question_id=temporal-reasoning/0025_993da5e2 | method=tri_fused_route20_final15 | loaded input | retrieved_records=15 filtered_records=15
[2026-07-07 20:40:59] [case 30/30] question_id=temporal-reasoning/0025_993da5e2 | method=tri_fused_route20_final15 | QA start
[2026-07-07 20:40:59] [case 30/30] question_id=temporal-reasoning/0025_993da5e2 | method=tri_fused_route20_final15 | QA attempt 1/3
[2026-07-07 20:41:06] [case 30/30] question_id=temporal-reasoning/0025_993da5e2 | method=tri_fused_route20_final15 | QA done | answer_chars=13
[2026-07-07 20:41:06] [case 30/30] question_id=temporal-reasoning/0025_993da5e2 | method=tri_fused_route20_final15 | Judge start
[2026-07-07 20:41:06] [case 30/30] question_id=temporal-reasoning/0025_993da5e2 | method=tri_fused_route20_final15 | Judge attempt 1/3
[2026-07-07 20:41:09] [case 30/30] question_id=temporal-reasoning/0025_993da5e2 | method=tri_fused_route20_final15 | done | label=WRONG elapsed=9.71s | done=30 failed=0 skipped=0 correct=18 wrong=12 empty_label=0
[2026-07-07 20:41:09] QA + Judge completed: total=30 done=30 failed=0 skipped=0 correct=18 wrong=12 empty_label=0 accuracy_on_done=0.6000 elapsed=369.18s
